// Jest Snapshot v1, https://goo.gl/fbAQLP

exports[`renders correctly 1`] = `
.c0 {
  border-left: 5px solid rgba(240,0,0,0.5);
  margin: 1rem 0;
  padding: 10px 20px;
}

.c1 {
  color: #000;
  font-size: 2rem;
  font-weight: normal;
  margin: 0;
}

.c2 {
  font-size: 1rem;
}

.c2::before {
  content: '\\2014 \\A0';
}

<blockquote
  className="c0"
>
  <h1
    className="c1"
  >
    Title Text
  </h1>
  <footer
    className="c2"
  >
    Footer Text
  </footer>
</blockquote>
`;
