// Jest Snapshot v1, https://goo.gl/fbAQLP

exports[`renders correctly 1`] = `
.c0 {
  margin-bottom: 1rem;
}

<address
  className="c0"
>
  <div>
    24 Accacia Road
  </div>
  <div>
    Grandhouse
  </div>
  <div>
    Bermondsey
  </div>
  <div>
    London
  </div>
  <div>
    Sussex
  </div>
  <div>
    W1 2N
  </div>
  <div>
    United Kingdom
  </div>
</address>
`;
